<ul>
<li>
<p>List</p>
  <!-- Comment in list -->
</li>
</ul>