<h1 id="blockquotes"><a class="header" href="#blockquotes">Blockquotes</a></h1>
<p>Empty:</p>
<blockquote></blockquote>
<p>Normal:</p>
<blockquote>
<p>foo
bar</p>
</blockquote>
<p>Contains code block:</p>
<blockquote>
<pre class="playground"><code class="language-rust"><span class="boring">#![allow(unused)]
</span><span class="boring">fn main() {
</span>let x = 1;
<span class="boring">}</span></code></pre>
</blockquote>
<p>Random stuff:</p>
<blockquote>
<h3 id="and-now"><a class="header" href="#and-now">And now,</a></h3>
<p><strong>Let us <em>introduce</em></strong>
All kinds of</p>
<ul>
<li>tags</li>
<li>etc</li>
<li>stuff</li>
</ul>
<ol>
<li>
<p>In</p>
</li>
<li>
<p>The</p>
</li>
<li>
<p>blockquote</p>
<blockquote>
<p>cause we can</p>
<blockquote>
<p>Cause we can</p>
</blockquote>
</blockquote>
</li>
</ol>
</blockquote>