<h1 id="code-blocks"><a class="header" href="#code-blocks">Code blocks</a></h1>
<pre><code>This is a codeblock
</code></pre>
<pre class="playground"><code class="language-rust"><span class="boring">#![allow(unused)]
</span><span class="boring">fn main() {
</span>// This links to a playpen
<span class="boring">}</span></code></pre>
<pre><code class="language-bash editable"># This is an editable codeblock
</code></pre>
<pre><code class="language-text cls1 cls2 cls3">Text with different classes.
</code></pre>
<pre><code>Indented
code
block.
</code></pre>
<pre class="playground"><code class="language-rust edition2021"><span class="boring">#![allow(unused)]
</span><span class="boring">fn main() {
</span>let x = 1;
<span class="boring">}</span></code></pre>
<pre class="playground"><code class="language-rust">fn main() {
    println!("hello");
}</code></pre>