<h1 id="images"><a class="header" href="#images">Images</a></h1>
<p><img src="https://rust-lang.org/logos/rust-logo-256x256.png" alt="Image “alt” &amp; &quot; &quot;text&quot; &amp; &lt;stuff&gt; url &lt;em&gt;html&lt;/em&gt; — hard break "></p>
<p><img src="https://rust-lang.org/logos/rust-logo-256x256.png" title="Some title" alt="Image with title"></p>