<h1 id="links"><a class="header" href="#links">Links</a></h1>
<ul>
<li><a href="https://example.com/inline">Inline</a></li>
<li><a href="https://example.com/collapsed">Collapsed</a></li>
<li>[Emtpy reference][]</li>
<li><a href="https://example.com/specific">Specific reference</a></li>
<li><a href="https://example.com/">https://example.com/</a></li>
<li><a href="mailto:john@example.com">john@example.com</a></li>
<li><a href="https://example.com/title" title="with title">Titled</a></li>
<li>[Broken collapsed]</li>
<li>[Broken reference][missing]</li>
<li><a href="path/foo.html">Markdown link</a></li>
<li><a href="path/foo.html#anchor">Markdown link anchor</a></li>
<li><a href="#anchor">Link anchor</a></li>
<li><a href="path.html#phantomdata">With md in anchor</a></li>
</ul>