<h1 id="lists"><a class="header" href="#lists">Lists</a></h1>
<ol>
<li>A</li>
<li>Normal</li>
<li>Ordered</li>
<li>List</li>
</ol>
<hr>
<ol>
<li>A
<ol>
<li>Nested</li>
<li>List</li>
</ol>
</li>
<li>But</li>
<li>Still</li>
<li>Normal</li>
</ol>
<hr>
<ol start="7">
<li>Start list</li>
<li>with a different number.</li>
</ol>
<hr>
<ul>
<li>An</li>
<li>Unordered</li>
<li>Normal</li>
<li>List</li>
</ul>
<hr>
<ul>
<li>Nested
<ul>
<li>Unordered</li>
</ul>
</li>
<li>List</li>
</ul>
<hr>
<ul>
<li>This
<ol>
<li>Is</li>
<li>Normal</li>
</ol>
</li>
<li>?!</li>
</ul>