<!DOCTYPE html>
<html lang="en">
  <head>
    <meta charset="utf-8">
    <title>Redirecting...</title>
    <meta http-equiv="refresh" content="0; URL=https://rust-lang.org/">
    <link rel="canonical" href="https://rust-lang.org/">
  </head>
  <body>
      <p>Redirecting to... <a href="https://rust-lang.org/">https://rust-lang.org/</a>.</p>
  </body>
</html>
